// Vitest Snapshot v1, https://vitest.dev/guide/snapshot.html

exports[`render > renders anonymous recursive dataParser with a temporary const 1`] = `
"import * as DP from "@duplojs/utils/dataParser";

export type RecursiveType0 = {
    next: RecursiveType0;
};

export type $recursiveDataParser0 = RecursiveType0;

export const recursiveDataParser0: DP.DataParser<$recursiveDataParser0> = DP.object({
    next: DP.lazy(() => recursiveDataParser0)
});

export const recursiveNodeParserDataParser = recursiveDataParser0;"
`;

exports[`render > renders checked dataParsers in normal and extended modes 1`] = `
"import * as DP from "@duplojs/utils/dataParser";

import * as D from "@duplojs/utils/date";

export const checkedParserDataParser = DP.object({
    startAt: DP.time({ checkers: [
            DP.checkerTimeMin(D.createTime(1000, "millisecond")),
            DP.checkerTimeMax(D.createTime(5000, "millisecond"))
        ] }),
    name: DP.string({ checkers: [DP.checkerStringMin(2)] }),
    count: DP.number({ checkers: [
            DP.checkerInt(),
            DP.checkerNumberMin(1)
        ] })
});"
`;

exports[`render > renders checked dataParsers in normal and extended modes 2`] = `
"import * as DP from "@duplojs/utils/dataParser";

import * as DPE from "@duplojs/utils/dataParserExtended";

import * as D from "@duplojs/utils/date";

export const checkedExtendedParserDataParser = DPE.object({
    startAt: DPE.time({ checkers: [DP.checkerTimeMin(D.createTime(250, "millisecond"))] }),
    tags: DPE.array(DPE.string({ checkers: [DP.checkerStringMin(1)] }), { checkers: [DP.checkerArrayMin(1)] })
});"
`;

exports[`render > renders complex nested recursive dataParsers 1`] = `
"import * as DP from "@duplojs/utils/dataParser";

export type RecursiveType0 = (string | RecursiveType0 | RecursiveType1)[];

export type RecursiveType1 = {
    recursiveProp: {
        self: RecursiveType1;
        array: RecursiveType0;
        tuple: RecursiveType2;
        union: RecursiveType3;
    };
    children: RecursiveType1[];
    tuple: RecursiveType2;
    array: RecursiveType0;
    union: RecursiveType3;
};

export type RecursiveType2 = [
    string,
    RecursiveType1,
    (RecursiveType2 | RecursiveType3 | string)[]
];

export type RecursiveType3 = string | RecursiveType1 | RecursiveType2 | RecursiveType3[];

export type $recursiveDataParser2 = RecursiveType0;

export type $recursiveDataParser6 = RecursiveType3;

export type $recursiveDataParser4 = RecursiveType2;

export type $recursiveDataParser0 = RecursiveType1;

export const recursiveDataParser0: DP.DataParser<$recursiveDataParser0> = DP.object({
    recursiveProp: DP.object({
        self: DP.lazy(() => recursiveDataParser0),
        array: recursiveDataParser2,
        tuple: recursiveDataParser4,
        union: recursiveDataParser6
    }),
    children: DP.array(DP.lazy(() => recursiveDataParser0)),
    tuple: recursiveDataParser4,
    array: recursiveDataParser2,
    union: recursiveDataParser6
});

export const recursiveDataParser2: DP.DataParser<$recursiveDataParser2> = DP.array(DP.union([
    DP.string(),
    DP.lazy(() => recursiveDataParser2),
    DP.lazy(() => recursiveDataParser0)
]));

export const recursiveDataParser4: DP.DataParser<$recursiveDataParser4> = DP.tuple([
    DP.string(),
    DP.lazy(() => recursiveDataParser0),
    DP.array(DP.union([
        DP.lazy(() => recursiveDataParser4),
        DP.lazy(() => recursiveDataParser6),
        DP.string()
    ]))
]);

export const recursiveDataParser6: DP.DataParser<$recursiveDataParser6> = DP.union([
    DP.string(),
    DP.lazy(() => recursiveDataParser0),
    DP.lazy(() => recursiveDataParser4),
    DP.array(DP.lazy(() => recursiveDataParser6))
]);

export const complexRecursiveParserDataParser = recursiveDataParser0;"
`;

exports[`render > renders dataParser with nested checkers 1`] = `
"import * as DP from "@duplojs/utils/dataParser";

export const compactParserDataParser = DP.object({
    name: DP.string({ checkers: [DP.checkerStringMin(2)] }),
    roles: DP.array(DP.literal(["admin", "editor"]), { checkers: [DP.checkerArrayMin(1)] }),
    contact: DP.union([
        DP.object({
            email: DP.string({ checkers: [DP.checkerEmail()] })
        }),
        DP.object({
            phone: DP.string({ checkers: [DP.checkerRegex(/^[+\\d][\\d\\s-]{5,}$/)] })
        })
    ])
});"
`;

exports[`render > renders named dependencies before their consumers 1`] = `
"import * as DP from "@duplojs/utils/dataParser";

export const childParserDataParser = DP.string();

export const parentParserDataParser = DP.object({
    child: childParserDataParser
});"
`;
