// Vitest Snapshot v1, https://vitest.dev/guide/snapshot.html

exports[`empty > coerce on input 1`] = `
{
  "$ref": "#/definitions/EmptySchema",
  "$schema": "http://json-schema.org/draft-07/schema#",
  "definitions": {
    "EmptySchema": {},
  },
}
`;

exports[`empty > out mode 1`] = `
{
  "$ref": "#/definitions/EmptySchema",
  "$schema": "http://json-schema.org/draft-07/schema#",
  "definitions": {
    "EmptySchema": {},
  },
}
`;
