// Vitest Snapshot v1, https://vitest.dev/guide/snapshot.html

exports[`openapi versions > builds components container 1`] = `
{
  "$ref": "#/components/schemas/OpenApiString",
  "components": {
    "schemas": {
      "OpenApiString": {
        "type": "string",
      },
    },
  },
  "openapi": "https://spec.openapis.org/oas/3.0.3",
}
`;
