// Vitest Snapshot v1, https://vitest.dev/guide/snapshot.html

exports[`optional > in mode marks undefined 1`] = `
{
  "$ref": "#/definitions/OptionalSchema",
  "$schema": "http://json-schema.org/draft-07/schema#",
  "definitions": {
    "OptionalSchema": {
      "type": "string",
    },
  },
}
`;

exports[`optional > out mode keeps required inner when isOptional false 1`] = `
{
  "$ref": "#/definitions/OptionalSchema",
  "$schema": "http://json-schema.org/draft-07/schema#",
  "definitions": {
    "OptionalSchema": {
      "type": "string",
    },
  },
}
`;
