// Vitest Snapshot v1, https://vitest.dev/guide/snapshot.html

exports[`templateLiteral > builds pattern 1`] = `
{
  "$ref": "#/definitions/TemplateSchema",
  "$schema": "http://json-schema.org/draft-07/schema#",
  "definitions": {
    "TemplateSchema": {
      "pattern": "^(?:id\\-)(?:-?[0-9]+(?:\\.[0-9]+)?)(?:\\-ok)$",
      "type": "string",
    },
  },
}
`;

exports[`templateLiteral > covers bigint null and undefined segments 1`] = `
{
  "$ref": "#/definitions/TemplateSchemaExtended",
  "$schema": "http://json-schema.org/draft-07/schema#",
  "definitions": {
    "TemplateSchemaExtended": {
      "anyOf": [
        {
          "const": "10n-null-undefined-true",
          "type": "string",
        },
        {
          "const": "10n-null-undefined-false",
          "type": "string",
        },
      ],
    },
  },
}
`;
