// Vitest Snapshot v1, https://vitest.dev/guide/snapshot.html

exports[`union > merges schemas and propagates isOptional 1`] = `
{
  "$ref": "#/definitions/UnionSchema",
  "$schema": "http://json-schema.org/draft-07/schema#",
  "definitions": {
    "UnionSchema": {
      "anyOf": [
        {
          "type": "string",
        },
        {
          "type": "number",
        },
      ],
    },
  },
}
`;
