// Vitest Snapshot v1, https://vitest.dev/guide/snapshot.html

exports[`time > renders time parser with checker imports 1`] = `
"import * as DP from "@duplojs/utils/dataParser";

import * as DDate from "@duplojs/utils/date";

export const timeParser = DP.time({
    coerce: true,
    checkers: [DP.checkerTimeMin(DDate.createTime(1, "millisecond"))]
});"
`;

exports[`time > renders time parser without coerce and without checkers 1`] = `
"import * as DP from "@duplojs/utils/dataParser";

export const timeParserNoCoerce = DP.time();"
`;
